src/components/particles-background.tsx(97,15): error TS2353: Object literal may only specify known properties, and 'area' does not exist in type 'RecursivePartial<IParticlesDensity>'.
